
============================================================
Benchmark started at 2026-07-03T09:48:35.261
Experiment: 100000 | Dependency: ID-SF
============================================================

============================================================
Benchmark finished at 2026-07-06T09:19:59.789
============================================================
=====================================

============================================================
Benchmark finished at 2026-07-04T21:46:34.111
============================================================
=====================================

============================================================
Benchmark finished at 2026-07-05T02:16:15.972
============================================================

============================================================
Benchmark started at 2026-07-31T11:53:16.690
Experiment: 100000 | Dependency: ID-SF
============================================================

============================================================
Benchmark finished at 2026-07-31T16:26:39.595
============================================================
=====================================

============================================================
Benchmark finished at 2026-07-31T16:26:47.194
============================================================
