
============================================================
Benchmark started at 2026-07-03T09:48:35.335
Experiment: 10000 | Dependency: MD-VF
============================================================

============================================================
Benchmark finished at 2026-07-03T11:14:13.744
============================================================
====================================

============================================================
Benchmark finished at 2026-07-03T11:16:26.650
============================================================
====================================

============================================================
Benchmark finished at 2026-07-03T11:17:50.855
============================================================

============================================================
Benchmark started at 2026-07-31T11:53:15.955
Experiment: 10000 | Dependency: MD-VF
============================================================

============================================================
Benchmark finished at 2026-07-31T12:20:10.177
============================================================
====================================

============================================================
Benchmark finished at 2026-07-31T12:20:15.431
============================================================

============================================================
Benchmark started at 2026-08-02T01:17:16.505
Experiment: 10000 | Dependency: MD-VF
============================================================

============================================================
Benchmark started at 2026-08-02T04:59:58.799
Experiment: 10000 | Dependency: MD-VF
============================================================

============================================================
Benchmark finished at 2026-08-02T05:39:41.996
============================================================
====================================

============================================================
Benchmark finished at 2026-08-02T05:48:04.753
============================================================
