
============================================================
Benchmark started at 2026-07-02T07:51:35.753
Experiment: 1000 | Dependency: MD-SF
============================================================

============================================================
Benchmark finished at 2026-07-02T21:33:01.229
============================================================
===================================

============================================================
Benchmark finished at 2026-07-02T18:56:23.799
============================================================
===================================

============================================================
Benchmark finished at 2026-07-06T11:54:25.649
============================================================

============================================================
Benchmark started at 2026-07-31T11:54:05.958
Experiment: 1000 | Dependency: MD-SF
============================================================

============================================================
Benchmark finished at 2026-07-31T12:00:30.430
============================================================
===================================

============================================================
Benchmark finished at 2026-07-31T12:00:35.200
============================================================

============================================================
Benchmark started at 2026-08-03T20:27:36.218
Experiment: 1000 | Dependency: MD-SF
============================================================

============================================================
Benchmark finished at 2026-08-04T13:05:08.159
============================================================
===================================

============================================================
Benchmark finished at 2026-08-04T20:40:10.948
============================================================
