
============================================================
Benchmark started at 2026-07-02T07:51:35.596
Experiment: 1000 | Dependency: ID-SF
============================================================

============================================================
Benchmark finished at 2026-07-02T23:34:58.460
============================================================
===================================

============================================================
Benchmark finished at 2026-07-02T20:27:52.141
============================================================
===================================

============================================================
Benchmark finished at 2026-07-07T04:31:06.382
============================================================

============================================================
Benchmark started at 2026-07-31T11:54:07.981
Experiment: 1000 | Dependency: ID-SF
============================================================

============================================================
Benchmark finished at 2026-07-31T12:00:30.867
============================================================
===================================

============================================================
Benchmark finished at 2026-07-31T12:00:27.446
============================================================

============================================================
Benchmark started at 2026-08-03T20:27:35.986
Experiment: 1000 | Dependency: ID-SF
============================================================

============================================================
Benchmark finished at 2026-08-04T13:12:44.240
============================================================
===================================

============================================================
Benchmark finished at 2026-08-04T20:33:52.804
============================================================
