
============================================================
Benchmark started at 2026-07-03T09:48:37.502
Experiment: 100000 | Dependency: MD-SF
============================================================

============================================================
Benchmark finished at 2026-07-09T00:55:18.705
============================================================
=====================================

============================================================
Benchmark finished at 2026-07-04T22:56:33.769
============================================================
=====================================

============================================================
Benchmark finished at 2026-07-05T02:25:30.085
============================================================

============================================================
Benchmark started at 2026-07-31T11:53:16.215
Experiment: 100000 | Dependency: MD-SF
============================================================

============================================================
Benchmark finished at 2026-07-31T16:25:52.936
============================================================
=====================================

============================================================
Benchmark finished at 2026-07-31T16:27:56.033
============================================================
