
============================================================
Benchmark started at 2026-07-02T07:51:34.844
Experiment: 1000 | Dependency: HD-VF
============================================================

============================================================
Benchmark finished at 2026-07-02T16:21:20.119
============================================================
===================================

============================================================
Benchmark finished at 2026-07-02T15:42:19.360
============================================================
===================================

============================================================
Benchmark started at 2026-07-31T11:54:08.438
Experiment: 1000 | Dependency: HD-VF
============================================================

============================================================
Benchmark finished at 2026-07-31T12:00:30.793
============================================================
===================================

============================================================
Benchmark finished at 2026-07-31T12:00:38.149
============================================================
