
============================================================
Benchmark started at 2026-07-03T09:48:38.691
Experiment: 10000 | Dependency: ID-SF
============================================================

============================================================
Benchmark finished at 2026-07-03T10:56:42.312
============================================================
====================================

============================================================
Benchmark finished at 2026-07-03T11:15:25.288
============================================================
====================================

============================================================
Benchmark finished at 2026-07-03T11:17:50.884
============================================================

============================================================
Benchmark started at 2026-07-31T11:53:16.802
Experiment: 10000 | Dependency: ID-SF
============================================================

============================================================
Benchmark finished at 2026-07-31T12:20:12.182
============================================================
====================================

============================================================
Benchmark finished at 2026-07-31T12:20:12.781
============================================================

============================================================
Benchmark started at 2026-08-02T01:17:16.499
Experiment: 10000 | Dependency: ID-SF
============================================================

============================================================
Benchmark started at 2026-08-02T04:59:58.755
Experiment: 10000 | Dependency: ID-SF
============================================================

============================================================
Benchmark finished at 2026-08-02T05:39:33.236
============================================================
====================================

============================================================
Benchmark finished at 2026-08-02T05:48:40.995
============================================================
