
============================================================
Benchmark started at 2026-07-03T09:48:35.352
Experiment: 10000 | Dependency: HD-SF
============================================================

============================================================
Benchmark finished at 2026-07-03T11:17:52.891
============================================================
====================================

============================================================
Benchmark finished at 2026-07-03T11:15:52.653
============================================================
====================================

============================================================
Benchmark finished at 2026-07-03T11:18:15.002
============================================================

============================================================
Benchmark started at 2026-07-31T11:53:15.933
Experiment: 10000 | Dependency: HD-SF
============================================================

============================================================
Benchmark finished at 2026-07-31T12:20:08.570
============================================================
====================================

============================================================
Benchmark finished at 2026-07-31T12:19:50.810
============================================================
