
============================================================
Benchmark started at 2026-07-03T09:48:36.337
Experiment: 10000 | Dependency: ID-VF
============================================================

============================================================
Benchmark finished at 2026-07-03T10:57:29.088
============================================================
====================================

============================================================
Benchmark finished at 2026-07-03T11:16:13.141
============================================================
====================================

============================================================
Benchmark finished at 2026-07-03T11:17:31.285
============================================================

============================================================
Benchmark started at 2026-07-31T11:53:15.812
Experiment: 10000 | Dependency: ID-VF
============================================================

============================================================
Benchmark finished at 2026-07-31T12:20:06.848
============================================================
====================================

============================================================
Benchmark finished at 2026-07-31T12:20:22.714
============================================================

============================================================
Benchmark started at 2026-08-02T01:17:16.759
Experiment: 10000 | Dependency: ID-VF
============================================================

============================================================
Benchmark started at 2026-08-02T04:59:59.014
Experiment: 10000 | Dependency: ID-VF
============================================================

============================================================
Benchmark finished at 2026-08-02T05:40:43.365
============================================================
====================================

============================================================
Benchmark finished at 2026-08-02T05:47:25.417
============================================================
