
============================================================
Benchmark started at 2026-07-03T09:48:36.108
Experiment: 100000 | Dependency: HD-VF
============================================================

============================================================
Benchmark finished at 2026-07-08T23:10:53.508
============================================================
=====================================

============================================================
Benchmark finished at 2026-07-04T20:04:07.785
============================================================
=====================================

============================================================
Benchmark finished at 2026-07-04T23:01:32.310
============================================================

============================================================
Benchmark started at 2026-07-31T11:53:16.164
Experiment: 100000 | Dependency: HD-VF
============================================================

============================================================
Benchmark finished at 2026-07-31T16:56:44.293
============================================================
=====================================

============================================================
Benchmark finished at 2026-07-31T16:52:24.565
============================================================
