
============================================================
Benchmark started at 2026-07-03T09:48:34.721
Experiment: 10000 | Dependency: MD-SF
============================================================

============================================================
Benchmark finished at 2026-07-03T11:17:23.389
============================================================
====================================

============================================================
Benchmark finished at 2026-07-03T11:16:12.876
============================================================
====================================

============================================================
Benchmark finished at 2026-07-03T11:17:39.816
============================================================

============================================================
Benchmark started at 2026-07-31T11:53:16.658
Experiment: 10000 | Dependency: MD-SF
============================================================

============================================================
Benchmark finished at 2026-07-31T12:20:05.221
============================================================
====================================

============================================================
Benchmark finished at 2026-07-31T12:20:01.618
============================================================

============================================================
Benchmark started at 2026-08-02T01:17:16.630
Experiment: 10000 | Dependency: MD-SF
============================================================

============================================================
Benchmark started at 2026-08-02T04:59:58.690
Experiment: 10000 | Dependency: MD-SF
============================================================

============================================================
Benchmark finished at 2026-08-02T05:40:00.775
============================================================
====================================

============================================================
Benchmark finished at 2026-08-02T05:47:59.367
============================================================
