
============================================================
Benchmark started at 2026-07-02T07:51:34.960
Experiment: 1000 | Dependency: HD-SF
============================================================

============================================================
Benchmark finished at 2026-07-02T20:15:58.374
============================================================
===================================

============================================================
Benchmark finished at 2026-07-02T18:05:44.546
============================================================
===================================

============================================================
Benchmark finished at 2026-07-06T00:23:46.621
============================================================

============================================================
Benchmark started at 2026-07-31T11:54:07.682
Experiment: 1000 | Dependency: HD-SF
============================================================

============================================================
Benchmark finished at 2026-07-31T12:00:31.761
============================================================
===================================

============================================================
Benchmark finished at 2026-07-31T12:00:33.252
============================================================

============================================================
Benchmark started at 2026-08-03T20:27:36.256
Experiment: 1000 | Dependency: HD-SF
============================================================

============================================================
Benchmark finished at 2026-08-04T13:10:58.206
============================================================
===================================

============================================================
Benchmark finished at 2026-08-04T17:53:02.850
============================================================
