
============================================================
Benchmark started at 2026-07-02T07:51:35.011
Experiment: 1000 | Dependency: MD-VF
============================================================

============================================================
Benchmark finished at 2026-07-02T16:51:10.937
============================================================
===================================

============================================================
Benchmark finished at 2026-07-02T16:03:33.068
============================================================
===================================

============================================================
Benchmark finished at 2026-07-05T04:12:40.641
============================================================

============================================================
Benchmark started at 2026-07-31T11:54:08.119
Experiment: 1000 | Dependency: MD-VF
============================================================

============================================================
Benchmark finished at 2026-07-31T12:00:33.004
============================================================
===================================

============================================================
Benchmark finished at 2026-07-31T12:00:32.635
============================================================
