
============================================================
Benchmark started at 2026-07-02T07:51:34.918
Experiment: 100 | Dependency: HD-VF
============================================================

============================================================
Benchmark finished at 2026-07-02T12:51:45.459
============================================================
==================================

============================================================
Benchmark finished at 2026-07-02T12:07:33.735
============================================================
==================================

============================================================
Benchmark finished at 2026-07-02T19:44:49.489
============================================================

============================================================
Benchmark started at 2026-07-31T11:54:08.304
Experiment: 100 | Dependency: HD-VF
============================================================

============================================================
Benchmark finished at 2026-07-31T11:58:46.494
============================================================
==================================

============================================================
Benchmark finished at 2026-07-31T11:58:46.053
============================================================
