
============================================================
Benchmark started at 2026-07-03T09:48:34.073
Experiment: 100000 | Dependency: HD-SF
============================================================

============================================================
Benchmark finished at 2026-07-09T09:58:15.032
============================================================
=====================================

============================================================
Benchmark finished at 2026-07-04T22:53:44.138
============================================================
=====================================

============================================================
Benchmark finished at 2026-07-05T02:06:58.830
============================================================

============================================================
Benchmark started at 2026-07-31T11:53:17.040
Experiment: 100000 | Dependency: HD-SF
============================================================

============================================================
Benchmark finished at 2026-07-31T16:26:59.209
============================================================
=====================================

============================================================
Benchmark finished at 2026-07-31T16:26:50.989
============================================================

============================================================
Benchmark started at 2026-08-02T01:17:16.875
Experiment: 100000 | Dependency: HD-SF
============================================================

============================================================
Benchmark started at 2026-08-02T04:59:59.044
Experiment: 100000 | Dependency: HD-SF
============================================================

============================================================
Benchmark finished at 2026-08-03T09:18:17.494
============================================================
=====================================

============================================================
Benchmark finished at 2026-08-03T13:17:32.015
============================================================
