
============================================================
Benchmark started at 2026-07-02T07:51:34.970
Experiment: 100 | Dependency: MD-SF
============================================================

============================================================
Benchmark finished at 2026-07-02T12:50:25.829
============================================================
==================================

============================================================
Benchmark finished at 2026-07-02T13:28:18.592
============================================================
==================================

============================================================
Benchmark finished at 2026-07-02T23:04:38.781
============================================================

============================================================
Benchmark started at 2026-07-31T11:54:07.313
Experiment: 100 | Dependency: MD-SF
============================================================

============================================================
Benchmark finished at 2026-07-31T11:58:45.742
============================================================
==================================

============================================================
Benchmark finished at 2026-07-31T11:58:47.709
============================================================

============================================================
Benchmark started at 2026-08-03T20:27:36.226
Experiment: 100 | Dependency: MD-SF
============================================================

============================================================
Benchmark finished at 2026-08-04T01:37:22.881
============================================================
==================================

============================================================
Benchmark finished at 2026-08-04T01:12:59.957
============================================================
