
============================================================
Benchmark started at 2026-07-02T07:51:33.179
Experiment: 100 | Dependency: ID-SF
============================================================

============================================================
Benchmark finished at 2026-07-02T13:08:21.255
============================================================
==================================

============================================================
Benchmark finished at 2026-07-02T13:02:23.599
============================================================
==================================

============================================================
Benchmark finished at 2026-07-02T23:03:37.445
============================================================

============================================================
Benchmark started at 2026-07-31T11:54:07.566
Experiment: 100 | Dependency: ID-SF
============================================================

============================================================
Benchmark finished at 2026-07-31T11:58:42.836
============================================================
==================================

============================================================
Benchmark finished at 2026-07-31T11:58:41.925
============================================================

============================================================
Benchmark started at 2026-08-03T20:27:34.748
Experiment: 100 | Dependency: ID-SF
============================================================

============================================================
Benchmark finished at 2026-08-04T02:07:35.183
============================================================
==================================

============================================================
Benchmark finished at 2026-08-04T01:50:45.613
============================================================
