
============================================================
Benchmark started at 2026-07-03T09:48:34.682
Experiment: 100000 | Dependency: MD-VF
============================================================

============================================================
Benchmark finished at 2026-07-08T04:38:32.835
============================================================
=====================================

============================================================
Benchmark finished at 2026-07-04T19:14:36.065
============================================================
=====================================

============================================================
Benchmark finished at 2026-07-04T22:15:21.631
============================================================

============================================================
Benchmark started at 2026-07-31T11:53:16.796
Experiment: 100000 | Dependency: MD-VF
============================================================

============================================================
Benchmark finished at 2026-07-31T16:59:21.149
============================================================
=====================================

============================================================
Benchmark finished at 2026-07-31T17:01:49.300
============================================================

============================================================
Benchmark started at 2026-08-02T01:17:16.736
Experiment: 100000 | Dependency: MD-VF
============================================================

============================================================
Benchmark started at 2026-08-02T04:59:59.012
Experiment: 100000 | Dependency: MD-VF
============================================================

============================================================
Benchmark finished at 2026-08-03T07:30:46.268
============================================================
=====================================

============================================================
Benchmark finished at 2026-08-03T10:05:18.458
============================================================
