
============================================================
Benchmark started at 2026-07-02T07:51:34.345
Experiment: 100 | Dependency: MD-VF
============================================================

============================================================
Benchmark finished at 2026-07-02T12:33:04.258
============================================================
==================================

============================================================
Benchmark finished at 2026-07-02T12:40:17.472
============================================================
==================================

============================================================
Benchmark finished at 2026-07-02T21:32:03.694
============================================================

============================================================
Benchmark started at 2026-07-31T11:54:08.373
Experiment: 100 | Dependency: MD-VF
============================================================

============================================================
Benchmark finished at 2026-07-31T11:58:45.898
============================================================
==================================

============================================================
Benchmark finished at 2026-07-31T11:58:43.625
============================================================
