
============================================================
Benchmark started at 2026-07-03T09:48:40.367
Experiment: 10000 | Dependency: HD-VF
============================================================

============================================================
Benchmark finished at 2026-07-03T11:17:54.236
============================================================
====================================

============================================================
Benchmark finished at 2026-07-03T11:16:02.733
============================================================
====================================

============================================================
Benchmark finished at 2026-07-03T11:18:44.660
============================================================

============================================================
Benchmark started at 2026-07-31T11:53:16.619
Experiment: 10000 | Dependency: HD-VF
============================================================

============================================================
Benchmark finished at 2026-07-31T12:20:04.706
============================================================
====================================

============================================================
Benchmark finished at 2026-07-31T12:19:54.400
============================================================

============================================================
Benchmark started at 2026-08-02T01:17:16.763
Experiment: 10000 | Dependency: HD-VF
============================================================

============================================================
Benchmark started at 2026-08-02T04:59:59.021
Experiment: 10000 | Dependency: HD-VF
============================================================

============================================================
Benchmark finished at 2026-08-02T05:40:21.350
============================================================
====================================

============================================================
Benchmark finished at 2026-08-02T05:47:47.190
============================================================
