
============================================================
Benchmark started at 2026-07-02T07:51:34.902
Experiment: 1000 | Dependency: ID-VF
============================================================

============================================================
Benchmark finished at 2026-07-02T16:47:48.956
============================================================
===================================

============================================================
Benchmark finished at 2026-07-02T17:07:53.531
============================================================
===================================

============================================================
Benchmark started at 2026-07-31T11:54:05.587
Experiment: 1000 | Dependency: ID-VF
============================================================

============================================================
Benchmark finished at 2026-07-31T12:00:29.258
============================================================
===================================

============================================================
Benchmark finished at 2026-07-31T12:00:29.955
============================================================

============================================================
Benchmark started at 2026-08-03T20:27:35.438
Experiment: 1000 | Dependency: ID-VF
============================================================

============================================================
Benchmark finished at 2026-08-04T06:25:27.185
============================================================
===================================

============================================================
Benchmark finished at 2026-08-04T04:56:22.627
============================================================
