
============================================================
Benchmark started at 2026-07-03T09:48:39.886
Experiment: 100000 | Dependency: ID-VF
============================================================

============================================================
Benchmark finished at 2026-07-05T22:34:49.332
============================================================
=====================================

============================================================
Benchmark finished at 2026-07-04T14:45:33.352
============================================================
=====================================

============================================================
Benchmark finished at 2026-07-04T17:00:32.498
============================================================

============================================================
Benchmark started at 2026-07-31T11:53:15.653
Experiment: 100000 | Dependency: ID-VF
============================================================

============================================================
Benchmark finished at 2026-07-31T17:20:15.515
============================================================
=====================================

============================================================
Benchmark finished at 2026-07-31T17:20:40.768
============================================================

============================================================
Benchmark started at 2026-08-02T01:17:16.916
Experiment: 100000 | Dependency: ID-VF
============================================================

============================================================
Benchmark started at 2026-08-02T04:59:59.073
Experiment: 100000 | Dependency: ID-VF
============================================================

============================================================
Benchmark finished at 2026-08-03T04:57:52.242
============================================================
=====================================

============================================================
Benchmark finished at 2026-08-03T06:49:26.148
============================================================
